
  ___  ____  ____  ____  ____ ®
 /__    /   ____/   /   ____/      18.0
___/   /   /___/   /   /___/       MP—Parallel Edition

 Statistics and Data Science       Copyright 1985-2023 StataCorp LLC
                                   StataCorp
                                   4905 Lakeway Drive
                                   College Station, Texas 77845 USA
                                   800-STATA-PC        https://www.stata.com
                                   979-696-4600        stata@stata.com

Stata license: 114514-student 64-core lab perpetual
Serial number: 9223372036854775807
  Licensed to: LEEKY
               1138

Notes:
      1. Stata is running in batch mode.
      2. Unicode is supported; see help unicode_advice.
      3. More than 2 billion observations are allowed; see help obs_advice.
      4. Maximum number of variables is set to 5,000 but can be increased;
          see help set_maxvar.

. do ss_file_write_format_probe.do 

. clear all

. set more off

. version 18

. capture log close _all

. log using "ss_file_write_format_probe.result.log", text replace
(file
    \\wsl.localhost\Ubuntu\home\leeky\work\SS\.worktrees\issue-353-p4-13-spat
    > ial-output-tn-to\rulebook\tasks\issue-353-p4-13-spatial-output-tn-to\ev
    > idence\ss_file_write_format_probe.result.log not found)
-------------------------------------------------------------------------------
      name:  <unnamed>
       log:  \\wsl.localhost\Ubuntu\home\leeky\work\SS\.worktrees\issue-353-p4-
> 13-spatial-output-tn-to\rulebook\tasks\issue-353-p4-13-spatial-output-tn-to\e
> vidence\ss_file_write_format_probe.result.log
  log type:  text
 opened on:  11 Jan 2026, 10:45:07

. import delimited "/home/leeky/work/SS/.worktrees/issue-353-p4-13-spatial-outp
> ut-tn-to/assets/stata_do_library/fixtures/TN03/sample_data.csv", clear
(encoding automatically selected: ISO-8859-1)
(8 vars, 6 obs)

. regress y x treat post, robust

Linear regression                               Number of obs     =          6
                                                F(3, 2)           =      97.52
                                                Prob > F          =     0.0102
                                                R-squared         =     0.9889
                                                Root MSE          =     .21602

------------------------------------------------------------------------------
             |               Robust
           y | Coefficient  std. err.      t    P>|t|     [95% conf. interval]
-------------+----------------------------------------------------------------
           x |      3.375   .2104064    16.04   0.004     2.469694    4.280306
       treat |  -.3499998   .2207941    -1.59   0.254         -1.3    .6000006
        post |   .0916669   .1813338     0.51   0.663    -.6885496    .8718835
       _cons |   5.816666   .1348868    43.12   0.001     5.236295    6.397038
------------------------------------------------------------------------------

. local indepvars "x treat post"

. tempname fh

. file open `fh' using "ss_file_write_format_probe.out.txt", write replace text
(file ss_file_write_format_probe.out.txt not found)

. foreach v of local indepvars {
  2.     file write `fh' "`v' & " %9.3f _b[`v'] " & " %9.3f _se[`v'] " \\ " _n
  3. }
invalid syntax
r(198);

end of do-file
r(198);
