
  ___  ____  ____  ____  ____ ®
 /__    /   ____/   /   ____/      18.0
___/   /   /___/   /   /___/       MP—Parallel Edition

 Statistics and Data Science       Copyright 1985-2023 StataCorp LLC
                                   StataCorp
                                   4905 Lakeway Drive
                                   College Station, Texas 77845 USA
                                   800-STATA-PC        https://www.stata.com
                                   979-696-4600        stata@stata.com

Stata license: 114514-student 64-core lab perpetual
Serial number: 9223372036854775807
  Licensed to: LEEKY
               1138

Notes:
      1. Stata is running in batch mode.
      2. Unicode is supported; see help unicode_advice.
      3. More than 2 billion observations are allowed; see help obs_advice.
      4. Maximum number of variables is set to 5,000 but can be increased;
          see help set_maxvar.

. do ss_spmatrix_summarize_probe.do 

. clear all

. set more off

. version 18

. capture log close _all

. log using "ss_spmatrix_summarize_probe.result.log", text replace
(file
    \\wsl.localhost\Ubuntu\home\leeky\work\SS\.worktrees\issue-353-p4-13-spat
    > ial-output-tn-to\rulebook\tasks\issue-353-p4-13-spatial-output-tn-to\ev
    > idence\ss_spmatrix_summarize_probe.result.log not found)
-------------------------------------------------------------------------------
      name:  <unnamed>
       log:  \\wsl.localhost\Ubuntu\home\leeky\work\SS\.worktrees\issue-353-p4-
> 13-spatial-output-tn-to\rulebook\tasks\issue-353-p4-13-spatial-output-tn-to\e
> vidence\ss_spmatrix_summarize_probe.result.log
  log type:  text
 opened on:  11 Jan 2026, 10:38:41

. import delimited "/home/leeky/work/SS/.worktrees/issue-353-p4-13-spatial-outp
> ut-tn-to/assets/stata_do_library/fixtures/TN03/sample_data.csv", clear
(encoding automatically selected: ISO-8859-1)
(8 vars, 6 obs)

. 
. gen long sid = _n

. spset sid

      Sp dataset: <current>
Linked shapefile: <none>
            Data: Cross sectional
 Spatial-unit ID: _ID (equal to sid)
     Coordinates: <none>

. spset, modify coord(x cluster)

      Sp dataset: <current>
Linked shapefile: <none>
            Data: Cross sectional
 Spatial-unit ID: _ID (equal to sid)
     Coordinates: _CX, _CY (planar)


. spmatrix create idistance W

. spmatrix summarize W

Weighting matrix W
---------------------------------------
           Type |            idistance
  Normalization |             spectral
      Dimension |                6 x 6
Elements        |
   minimum      |                    0
   minimum > 0  |             .0550918
   mean         |             .1659265
   max          |             .6159456
---------------------------------------

. capture display "S0=" r(S0)

. capture display "mean_neighbors=" r(mean_neighbors)

. display "rc_s0=" _rc
rc_s0=0

. log close
      name:  <unnamed>
       log:  \\wsl.localhost\Ubuntu\home\leeky\work\SS\.worktrees\issue-353-p4-
> 13-spatial-output-tn-to\rulebook\tasks\issue-353-p4-13-spatial-output-tn-to\e
> vidence\ss_spmatrix_summarize_probe.result.log
  log type:  text
 closed on:  11 Jan 2026, 10:38:42
-------------------------------------------------------------------------------

. exit 0

end of do-file
