
  ___  ____  ____  ____  ____ ®
 /__    /   ____/   /   ____/      18.0
___/   /   /___/   /   /___/       MP—Parallel Edition

 Statistics and Data Science       Copyright 1985-2023 StataCorp LLC
                                   StataCorp
                                   4905 Lakeway Drive
                                   College Station, Texas 77845 USA
                                   800-STATA-PC        https://www.stata.com
                                   979-696-4600        stata@stata.com

Stata license: 114514-student 64-core lab perpetual
Serial number: 9223372036854775807
  Licensed to: LEEKY
               1138

Notes:
      1. Stata is running in batch mode.
      2. Unicode is supported; see help unicode_advice.
      3. More than 2 billion observations are allowed; see help obs_advice.
      4. Maximum number of variables is set to 5,000 but can be increased;
          see help set_maxvar.

. do /tmp/ss-stata-search.BVENKs.do 

. set more off

. version 18

. cap log close _all

. log using "search_xtserial.log", text replace
(file
    \\wsl.localhost\Ubuntu\home\leeky\work\SS\.worktrees\issue-354-phase-4-14
    > -panel-hlm-tp-tq\search_xtserial.log not found)
-------------------------------------------------------------------------------
      name:  <unnamed>
       log:  \\wsl.localhost\Ubuntu\home\leeky\work\SS\.worktrees\issue-354-pha
> se-4-14-panel-hlm-tp-tq\search_xtserial.log
  log type:  text
 opened on:  11 Jan 2026, 10:38:07

. search xtserial
request ignored because of batch mode

. log close
      name:  <unnamed>
       log:  \\wsl.localhost\Ubuntu\home\leeky\work\SS\.worktrees\issue-354-pha
> se-4-14-panel-hlm-tp-tq\search_xtserial.log
  log type:  text
 closed on:  11 Jan 2026, 10:38:07
-------------------------------------------------------------------------------

. exit 0

end of do-file
